reading data from data//tasic//runtime_exp//tpm_transposed_100000.mtx
[1] "make sce object"
[1] "compute qUMIs"
[1] "done. qUMI time:"
    user   system  elapsed 
2473.047  387.190  284.535 
[1] "preparing batches"
[1] "compute census counts"
[1] "number of batches:"
[1] 100
[1] "working on batch"
[1] 1
[1] "working on batch"
[1] 2
[1] "working on batch"
[1] 3
[1] "working on batch"
[1] 4
[1] "working on batch"
[1] 5
[1] "working on batch"
[1] 6
[1] "working on batch"
[1] 7
[1] "working on batch"
[1] 8
[1] "working on batch"
[1] 9
[1] "working on batch"
[1] 10
[1] "working on batch"
[1] 11
[1] "working on batch"
[1] 12
[1] "working on batch"
[1] 13
[1] "working on batch"
[1] 14
[1] "working on batch"
[1] 15
[1] "working on batch"
[1] 16
[1] "working on batch"
[1] 17
[1] "working on batch"
[1] 18
[1] "working on batch"
[1] 19
[1] "working on batch"
[1] 20
[1] "working on batch"
[1] 21
[1] "working on batch"
[1] 22
[1] "working on batch"
[1] 23
[1] "working on batch"
[1] 24
[1] "working on batch"
[1] 25
[1] "working on batch"
[1] 26
[1] "working on batch"
[1] 27
[1] "working on batch"
[1] 28
[1] "working on batch"
[1] 29
[1] "working on batch"
[1] 30
[1] "working on batch"
[1] 31
[1] "working on batch"
[1] 32
[1] "working on batch"
[1] 33
[1] "working on batch"
[1] 34
[1] "working on batch"
[1] 35
[1] "working on batch"
[1] 36
[1] "working on batch"
[1] 37
[1] "working on batch"
[1] 38
[1] "working on batch"
[1] 39
[1] "working on batch"
[1] 40
[1] "working on batch"
[1] 41
[1] "working on batch"
[1] 42
[1] "working on batch"
[1] 43
[1] "working on batch"
[1] 44
[1] "working on batch"
[1] 45
[1] "working on batch"
[1] 46
[1] "working on batch"
[1] 47
[1] "working on batch"
[1] 48
[1] "working on batch"
[1] 49
[1] "working on batch"
[1] 50
[1] "working on batch"
[1] 51
[1] "working on batch"
[1] 52
[1] "working on batch"
[1] 53
[1] "working on batch"
[1] 54
[1] "working on batch"
[1] 55
[1] "working on batch"
[1] 56
[1] "working on batch"
[1] 57
[1] "working on batch"
[1] 58
[1] "working on batch"
[1] 59
[1] "working on batch"
[1] 60
[1] "working on batch"
[1] 61
[1] "working on batch"
[1] 62
[1] "working on batch"
[1] 63
[1] "working on batch"
[1] 64
[1] "working on batch"
[1] 65
[1] "working on batch"
[1] 66
[1] "working on batch"
[1] 67
[1] "working on batch"
[1] 68
[1] "working on batch"
[1] 69
[1] "working on batch"
[1] 70
[1] "working on batch"
[1] 71
[1] "working on batch"
[1] 72
[1] "working on batch"
[1] 73
[1] "working on batch"
[1] 74
[1] "working on batch"
[1] 75
[1] "working on batch"
[1] 76
[1] "working on batch"
[1] 77
[1] "working on batch"
[1] 78
[1] "working on batch"
[1] 79
[1] "working on batch"
[1] 80
[1] "working on batch"
[1] 81
[1] "working on batch"
[1] 82
[1] "working on batch"
[1] 83
[1] "working on batch"
[1] 84
[1] "working on batch"
[1] 85
[1] "working on batch"
[1] 86
[1] "working on batch"
[1] 87
[1] "working on batch"
[1] 88
[1] "working on batch"
[1] 89
[1] "working on batch"
[1] 90
[1] "working on batch"
[1] 91
[1] "working on batch"
[1] 92
[1] "working on batch"
[1] 93
[1] "working on batch"
[1] 94
[1] "working on batch"
[1] 95
[1] "working on batch"
[1] 96
[1] "working on batch"
[1] 97
[1] "working on batch"
[1] 98
[1] "working on batch"
[1] 99
[1] "working on batch"
[1] 100
[1] "done. census time:"
     user    system   elapsed 
92246.286   413.056 92637.051 
